// Vitest Snapshot v1

exports[`<PostTemplate /> > should match snapshot 1`] = `
.c23 {
  margin: 2.4rem 0;
}

.c23 span {
  margin-left: 0.5rem;
}

.c23 span::before {
  content: ' ';
}

.c23 span::after {
  content: ', ';
}

.c23 span:last-child::after {
  content: '';
}

.c23 a {
  color: #E94560;
  -webkit-text-decoration: none;
  text-decoration: none;
  -webkit-transition: all 300ms ease-in-out;
  transition: all 300ms ease-in-out;
}

.c23 a:hover {
  -webkit-filter: brightness(50%);
  filter: brightness(50%);
}

.c14 {
  width: 100%;
  margin: 0 auto;
  padding: 0 3.2rem;
  max-width: 96rem;
}

.c20 {
  width: 100%;
  margin: 0 auto;
  padding: 0 3.2rem;
  max-width: 80rem;
}

.c6 {
  color: #082032;
  line-height: 1.2;
  font-size: 2.4rem;
  text-transform: uppercase;
}

.c12 {
  color: #082032;
  line-height: 1.2;
  font-size: 2.4rem;
  text-transform: none;
}

.c16 {
  color: #082032;
  line-height: 1.2;
  font-size: 4.0rem;
  text-transform: none;
}

.c19 {
  font-size: 1.6rem;
  color: #AAAAAA;
  font-style: italic;
}

.c19 .categories span::after {
  content: ', ';
}

.c19 .categories span:last-child::after {
  content: '';
}

.c19 a {
  color: #E94560;
  -webkit-text-decoration: none;
  text-decoration: none;
  -webkit-transition: all 300ms ease-in-out;
  transition: all 300ms ease-in-out;
}

.c19 a:hover {
  -webkit-filter: brightness(50%);
  filter: brightness(50%);
}

.c15 {
  padding-bottom: 4.0rem;
  margin-bottom: 4.0rem;
  border-bottom: 0.1rem solid #DDDDDD;
}

.c15 .c5 {
  margin: 0;
  margin-bottom: 2.4rem;
}

.c17 {
  margin: 2.4rem 0;
  font-size: 2.4rem;
}

.c18 {
  max-width: 100%;
  display: block;
  margin-bottom: 2.4rem;
}

.c21 {
  font-size: 1.8rem;
  line-height: 1.5;
}

.c21 p {
  margin: 2.4rem 0;
}

.c21 a {
  color: #E94560;
}

.c21 a:visited,
.c21 a:link {
  -webkit-text-decoration: none;
  text-decoration: none;
  -webkit-transition: all 300ms ease-in-out;
  transition: all 300ms ease-in-out;
}

.c21 a:hover {
  -webkit-filter: brightness(50%);
  filter: brightness(50%);
}

.c21 pre {
  background-color: #2C394B;
  padding: 2.4rem;
  font-family: monospace;
  color: #B2C8DF;
  margin: 4.0rem 0;
  width: 100%;
  font-size: 1.6rem;
  overflow-x: auto;
}

.c21 pre code {
  background: inherit;
  color: inherit;
}

.c21 code {
  font-family: monospace;
  color: #B2C8DF;
  font-size: 1.6rem;
  background: #2C394B;
  padding: 0.2rem;
  margin: 0.2rem;
  border-radius: 5px;
}

.c21 img {
  max-width: 100%;
}

.c21 .image {
  background: #DDDDDD;
  line-height: 0;
  margin: 2.4rem 0;
}

.c21 .image figcaption {
  font-size: 1.6rem;
  padding: 1.6rem;
  text-align: center;
  line-height: 1.3;
}

.c21 .image-style-side {
  float: right;
  max-width: 50%;
  margin: 2.4rem;
}

.c21 hr {
  border: none;
  border-bottom: 0.1rem solid #DDDDDD;
}

.c21 ul,
.c21 ol {
  margin: 2.4rem;
}

.c21 .table {
  width: 100%;
  overflow: hidden;
  overflow-x: auto;
}

.c21 table {
  width: 100%;
  border-collapse: collapse;
  margin: 2.4rem 0;
}

.c21 table td,
.c21 table th {
  padding: 1.6rem;
  border: 0.1rem solid #DDDDDD;
}

.c21 blockquote {
  border-left: 0.5rem solid #E94560;
  color: #AAAAAA;
  -webkit-filter: brightness(80%);
  filter: brightness(80%);
  padding-left: 2.4rem;
  font-style: italic;
  margin: 2.4rem;
}

.c25 {
  text-align: center;
  border-top: 0.1rem solid #DDDDDD;
}

.c25 a {
  color: inherit;
  -webkit-text-decoration: none;
  text-decoration: none;
}

.c25 .heart {
  color: #E94560;
}

.c7 {
  display: -webkit-box;
  display: -webkit-flex;
  display: -ms-flexbox;
  display: flex;
  -webkit-align-items: center;
  -webkit-box-align: center;
  -ms-flex-align: center;
  align-items: center;
  -webkit-text-decoration: none;
  text-decoration: none;
  color: inherit;
}

.c7 > img {
  width: 150px;
  height: 150px;
  border-radius: 50%;
}

.c10 {
  margin: 0 auto;
  display: -webkit-box;
  display: -webkit-flex;
  display: -ms-flexbox;
  display: flex;
  -webkit-box-pack: center;
  -webkit-justify-content: center;
  -ms-flex-pack: center;
  justify-content: center;
  -webkit-align-items: center;
  -webkit-box-align: center;
  -ms-flex-align: center;
  align-items: center;
  width: 100%;
  max-width: 96rem;
  padding-bottom: 6.4rem;
  font-size: 1.6rem;
  color: #333333;
}

.c10 .c5 {
  margin: 0 0 0.6rem;
}

.c10 img:hover {
  -webkit-transition: all ease-in-out 300ms;
  transition: all ease-in-out 300ms;
  -webkit-filter: brightness(70%);
  filter: brightness(70%);
}

.c11 {
  display: -webkit-box;
  display: -webkit-flex;
  display: -ms-flexbox;
  display: flex;
  -webkit-flex-flow: column wrap;
  -ms-flex-flow: column wrap;
  flex-flow: column wrap;
  margin-left: 3.2rem;
  max-width: 48rem;
}

.c2 {
  background: #082032;
  padding: 3.2rem;
  display: -webkit-box;
  display: -webkit-flex;
  display: -ms-flexbox;
  display: flex;
  position: fixed;
  z-index: 1;
  width: 100%;
  max-width: 32rem;
  height: 100vh;
  top: 0;
  left: 0rem;
  -webkit-transition: all 400ms ease-in-out;
  transition: all 400ms ease-in-out;
  overflow-y: auto;
  box-shadow: 5px 0 10px -2px #000000;
  left: -36rem;
  overflow-y: hidden;
}

.c2::-webkit-scrollbar {
  width: 10px;
}

.c2::-webkit-scrollbar-track {
  background: #082032;
}

.c2::-webkit-scrollbar-thumb {
  background: #E94560;
  border-radius: 10px;
}

.c2::-webkit-scrollbar-thumb:hover {
  background: #720d1e;
}

.c3 {
  margin: auto;
  width: 100%;
}

.c4 .c5 {
  display: -webkit-box;
  display: -webkit-flex;
  display: -ms-flexbox;
  display: flex;
  -webkit-box-pack: center;
  -webkit-justify-content: center;
  -ms-flex-pack: center;
  justify-content: center;
  margin: 0;
  margin-bottom: 4.8rem;
}

.c4 img {
  border: 0.5rem solid #E94560;
}

.c0 {
  position: fixed;
  top: 2.4rem;
  color: #FFFFFF;
  background: #082032;
  z-index: 2;
  width: 3rem;
  height: 3rem;
  left: 26rem;
  border-radius: 4px;
  -webkit-transition: all 400ms ease-in-out;
  transition: all 400ms ease-in-out;
  left: 1rem;
  color: #FFFFFF;
}

.c1 {
  display: inline-block;
  vertical-align: middle;
  overflow: hidden;
}

.c8 {
  display: block;
  color: #FFFFFF;
  -webkit-text-decoration: none;
  text-decoration: none;
  margin-bottom: 1.6rem;
  font-size: 1.8rem;
  -webkit-transition: all ease-in-out 100ms;
  transition: all ease-in-out 100ms;
}

.c8:hover {
  border-right: 0.5rem solid #E94560;
  color: #E94560;
}

.c9 {
  margin-top: 6.4rem;
}

.c13 {
  max-width: 120rem;
  width: 100%;
  margin: 0 auto;
  margin-bottom: 6.4rem;
}

.c24 {
  max-width: 120rem;
  width: 100%;
  margin: 0 auto;
  padding: 3.2rem;
}

.c26 {
  position: fixed;
  background-color: #082032;
  color: #FFFFFF;
  display: -webkit-box;
  display: -webkit-flex;
  display: -ms-flexbox;
  display: flex;
  -webkit-align-items: center;
  -webkit-box-align: center;
  -ms-flex-align: center;
  align-items: center;
  -webkit-box-pack: center;
  -webkit-justify-content: center;
  -ms-flex-pack: center;
  justify-content: center;
  width: 4rem;
  height: 4rem;
  bottom: 2rem;
  right: 2rem;
  z-index: 6;
  opacity: 0.7;
  border-radius: 50%;
  border: 0.1rem solid #fff;
}

.c26:hover {
  -webkit-transition: 500ms ease-in-out all;
  transition: 500ms ease-in-out all;
  background-color: #333333;
  opacity: unset;
}

.c22 {
  padding: 0 3.2rem;
}

@media (max-width:768px) {
  .c21 {
    font-size: 2rem;
  }

  .c21 .image-style-side {
    float: none;
    max-width: 100%;
    margin: 0;
  }
}

@media ((max-width:300px)) {
  .c0 {
    left: 1rem;
  }
}

<div>
  <div
    class=""
  >
    <a
      aria-label="Open or Close menu"
      class="c0"
      href="#"
      title="Open or Close menu"
    >
      <svg
        aria-hidden="true"
        aria-label="Open menu"
        class="c1"
        fill="currentColor"
        focusable="false"
        viewBox="0 0 24 24"
        xmlns="http://www.w3.org/2000/svg"
      >
        <path
          d="M0 0h24v24H0V0z"
          fill="none"
        />
        <path
          d="M3 18h18v-2H3v2zm0-5h18v-2H3v2zm0-7v2h18V6H3z"
        />
      </svg>
    </a>
    <div
      aria-hidden="true"
      class="c2"
    >
      <nav
        class="c3"
      >
        <div
          class="c4"
        >
          <h1
            class="c5 c6"
          >
            <a
              class="c7"
              href="/"
              target="_self"
            >
              <img
                alt="Test blog"
                src="https://res.cloudinary.com/ddiiakz1t/image/upload/v1662119066/bob_c83cb89756.jpg"
              />
            </a>
          </h1>
        </div>
        <a
          class="c8"
          href="#texto"
          target="_self"
        >
          O texto
        </a>
        <a
          class="c8"
          href="#link-2"
          target="_self"
        >
          Link 2
        </a>
      </nav>
    </div>
    <div
      class="c9"
    >
      <header
        class="c10"
      >
        <h1
          class="c5 c6"
        >
          <a
            class="c7"
            href="/"
            target="_self"
          >
            <img
              alt="Test blog - A blog test then Idon't know what describe, it is random words just test"
              src="https://res.cloudinary.com/ddiiakz1t/image/upload/v1662119066/bob_c83cb89756.jpg"
            />
          </a>
        </h1>
        <div
          class="c11"
        >
          <h2
            class="c5 c12"
          >
            Test blog
          </h2>
          <p>
            A blog test then Idon't know what describe, it is random words just test
          </p>
        </div>
      </header>
    </div>
    <div
      class="c13"
    >
      <div
        class=""
      >
        <div
          class="c14"
        >
          <header
            class="c15"
          >
            <h1
              class="c5 c16"
            >
              Blog testando
            </h1>
            <p
              class="c17"
            >
              Esse é um teste para página do post
            </p>
            <img
              alt="Blog testando"
              class="c18"
              src="https://res.cloudinary.com/ddiiakz1t/image/upload/v1662140975/next_capa_ba07b5ec5d.png"
            />
            <article
              class="c19"
            >
              <p>
                <span>
                  Por 
                </span>
                <a
                  href="/author/matheus"
                >
                  Matheus
                </a>
                <span
                  class="separator"
                >
                   | 
                </span>
                <time
                  datetime="2022-09-02T15:16:09.246+00:00"
                >
                  2 de set. de 2022
                </time>
                <span
                  class="separator"
                >
                   | 
                </span>
                <span
                  class="categories"
                >
                  <span>
                    <a
                      href="/category/java-script"
                    >
                      JavaScript
                    </a>
                  </span>
                  <span>
                    <a
                      href="/category/type-script"
                    >
                      TypeScript
                    </a>
                  </span>
                  <span>
                    <a
                      href="/category/react"
                    >
                      React
                    </a>
                  </span>
                  <span>
                    <a
                      href="/category/next"
                    >
                      Next
                    </a>
                  </span>
                </span>
              </p>
            </article>
          </header>
        </div>
        <div
          class="c20"
        >
          <p
            class="c21"
          >
            
      
            <p>
              Nostro 
              <strong>
                definitiones
              </strong>
               (
              <i>
                React
              </i>
              ) sed - 
              <u>
                Matheus Freitas
              </u>
              . Sea 
              <code>
                useEffect
              </code>
              , useState dicat fabulas 
              <a
                href="https://github.com/Mathh19"
              >
                consetetur
              </a>
               no, odio deseruisse assueverit mei eu, vis probo nonumes molestie id. Ipsum movet liberavisse an mea, diceret vituperata ne his, delenit apeirian quo ea. Imperdiet percipitur te eos. Per ludus aliquam eu. 
              <a
                href="https://github.com/Mathh19"
              >
                Eos ex tincidunt necessitatibus, timeam theophrastus mel 
              </a>
              . La.
            </p>
            
      
            <h1>
              Tincidunt necessitatibus, timeam theophrastus mel 
            </h1>
            
      
            <h2>
              Tincidunt necessitatibus, timeam theophrastus mel 
            </h2>
            
      
            <h3>
              Tincidunt necessitatibus, timeam theophrastus mel 
            </h3>
            
      
            <h4>
              Tincidunt necessitatibus, timeam theophrastus mel 
            </h4>
            
      
            <h5>
              Tincidunt necessitatibus, timeam theophrastus mel 
            </h5>
            
      
            <h6>
              Tincidunt necessitatibus, timeam theophrastus mel 
            </h6>
            
      
            <pre>
              <code
                class="language-plaintext"
              >
                import { HtmlContent } from '../HtmlContent';
      import * as Styled from './styles';
      export type FooterProps = {
        footerHtml: string;
      };
      export const Footer = ({ footerHtml }: FooterProps) =&gt; {
        return (
          &lt;Styled.Container&gt;
            &lt;HtmlContent html={footerHtml} /&gt;
          &lt;/Styled.Container&gt;
        );
      };
      
              </code>
            </pre>
            
      
            <p>
              Qui eu 
              <i>
                mutat
              </i>
               exerci 
              <span
                style="background-color:hsl(60,75%,60%);"
              >
                dolores
              </span>
              , his no 
              <span
                style="color:hsl(270,75%,60%);"
              >
                repudiare
              </span>
               constituam 
              <s>
                accommodare
              </s>
              , vis ea sint 
              <u>
                tempor
              </u>
               eirmod. In mei eruditi moderatius, ex per iudico essent repudiandae. In vis vidisse menandri, an has repudiare disputationi delicatissimi. In has wisi justo postulant. Ei viderer ornatus mel, usu an partiendo tincidunt, ea eum brute ullamcorper.
            </p>
            <p>
              10
              <sup>
                2
              </sup>
              *5
              <sup>
                2
              </sup>
               - H
              <sub>
                2
              </sub>
              0
            </p>
            <p
              style="text-align:center;"
            >
              <strong>
                Center: 
              </strong>
              Abhorreant reformidans eum an, per equidem repudiandae no, ex m elitr argumentum persequeris. In eam consul theophrastus delicatissimi, lobortis rationibus efficiendi mea ei, nam natum dolore scripserit ea. Sit partiendo eloquentiam ne. Sea no autem dolores, ridens gloriatur mel . Munere nullam epiri his id, dicam definiebas deterruisset eu vim. Ea veritus deleniti usu, nam ei idque choro volumus, ex nisl aliquam bonorum eam.
            </p>
            <p>
              Fugit aliquip erroribus eu eam, an mel vidit doctus. Vis nobis veritus maluisset id, nonumy adversarium neglegentur est ut. Tation persius pri eu, modo minim fastidii mei no. Ad tota pertinax definiebas eam.
            </p>
            <p
              style="text-align:right;"
            >
              <strong>
                Right:
              </strong>
               Mel in lorem feugiat, tation dolore et eum. Id has utamur albucius molestiae. Dico justo maiestatis ei mei, labitur laboramus voluptatum nam ut. Saperet propriae nec an.
            </p>
            <p>
              Quod oblique mei ne, cetero delicatissimi sea ,  est harum dicit verterem. Tota forensibus ut usu, luptatum dignissim perseti vel ex. Mea nostrud instructior , et referrentur theophrastus eum. Pro in iuvaret senserit. In persius explicari conceptam nec, in populo ponderum consequat vis. Gloriatur conclusionemque no qui, vitae nominati nec te, laoreet torquatos accommodare ex qui. Eu natum mediocritatem eos, m ex alia oportere.
            </p>
            <p
              style="text-align:justify;"
            >
              <strong>
                Justify:
              </strong>
                vis nonumes petentium disputationi, invidunt aliquando ex ius, orreret suscipiantur conclusionemque eu qui. Probo nemore ut est. Et eam dicta oratio eligendi. Quem dicta dolore vel et, at reque gloriatur definitionem sed.
            </p>
            <p>
              Nec simul ullamcorper at. Mea possit dolores perseti te, ei quidam apeirian quo. Has quas corpora ne. Ius ad malis iusto delenit, sit ferri idque ex.
            </p>
            <blockquote>
              <p>
                Blockquote: Et sed legere rationibus, vitae evertitur ad eam. Eu amet vero officiis vis. Ad nullam perila neglegentur sit, vix ei regione legendos argumentum. Mei an quas convenire, nobis dint mei ut. Pro no debet referrentur, ei est falli libris. Eu per summo salutandi hendrerit, salutatus democritum interesset nec ut. Wisi lobortis incorrupte ei mea, explicari interpretaris has et.
              </p>
            </blockquote>
            <p>
              A new line:
            </p>
            <hr />
            <p>
              Now keep going…
            </p>
            <figure
              class="image"
            >
              <a
                href="https://github.com/Mathh19"
              >
                <img
                  alt="O alt text da imagem"
                  src="https://res.cloudinary.com/dlizakp2a/image/upload/v1614696630/Frozen_sunset_on_the_lake_by_Manuel_Arslanyan_9f9cd8ea10.jpg"
                />
              </a>
              <figcaption>
                Aqui está uma imagem
              </figcaption>
            </figure>
            <p>
              Munere euripidis an sed, usu ne consul soluta utamur. Bonorum equidem placerat eu m, tantas quidam duo et. Pro soleat quaestio ne, ut nam wisi vocibus inciderint, ex his maiorum mnesarchum. Et est wisi primis, id vel odio alienum voluptatibus. Veri doctus offendit vim ea. Has nemore prompta inciderint ei, no sea expetendis dissentiet. Copiosae delicatissimi an sea, id m agam clita nostro, tale tincidunt delicatissimi ei eos.
            </p>
            <figure
              class="image image-style-side"
            >
              <img
                alt="Uma imagem à direita"
                src="https://res.cloudinary.com/dlizakp2a/image/upload/v1614696630/Frozen_sunset_on_the_lake_by_Manuel_Arslanyan_9f9cd8ea10.jpg"
              />
              <figcaption>
                Uma imagem à direita
              </figcaption>
            </figure>
            <p>
              Munere euripidis an sed, usu ne consul soluta utamur. Bonorum equidem placerat eu m, tantas quidam duo et. Pro soleat quaestio ne, ut nam wisi vocibus inciderint, ex his maiorum mnesarchum. Et est wisi primis, id vel odio alienum voluptatibus. Veri doctus offendit vim ea. Has nemore prompta inciderint ei, no sea expetendis dissentiet. Copiosae delicatissimi an sea, id m agam clita nostro, tale tincidunt delicatissimi ei eos.
            </p>
            <p>
              Munere euripidis an sed, usu ne consul soluta utamur. Bonorum equidem placerat eu m, tantas quidam duo et. Pro soleat quaestio ne, ut nam wisi vocibus inciderint, ex his maiorum mnesarchum. Et est wisi primis, id vel odio alienum voluptatibus. Veri doctus offendit vim ea. Has nemore prompta inciderint ei, no sea expetendis dissentiet. Copiosae delicatissimi an sea, id m agam clita nostro, tale tincidunt delicatissimi ei eos.
            </p>
            <p>
              Solum consul scripserit in duo, an sit postea denique percipit. Facer ignota consequat nec ei, idque etiam corrumpit sit ut. In mucius definitionem quo, vis an nisl diam appellantur, hendrerit comprehensam ea per. Vix saepe fierent ut.
            </p>
            <p>
               mei summo copiosae. Et vim quaestio partiendo. Quot praesent imperdiet at duo. Sit probo causae ei. Ad ius nemore eruditi.
            </p>
            <p>
              Mei in qualisque disputando. Adipisci philosophia et sed, mel diceret patrioque sententiae ea, iriure posidonium consectetuer ad eam. Nobis reprimique duo in, eam corpora mandamus ex. In quod euismod eum, ne habemus cotidieque necessitatibus m. Liber recteque duo no, ludus reprehendunt has an.
            </p>
            <p>
              Solum consul scripserit in duo, an sit postea denique percipit. Facer ignota consequat nec ei, idque etiam corrumpit sit ut. In mucius definitionem quo, vis an nisl diam appellantur, hendrerit comprehensam ea per. Vix saepe fierent ut.
            </p>
            <p>
               mei summo copiosae. Et vim quaestio partiendo. Quot praesent imperdiet at duo. Sit probo causae ei. Ad ius nemore eruditi.
            </p>
            <p>
              Mei in qualisque disputando. Adipisci philosophia et sed, mel diceret patrioque sententiae ea, iriure posidonium consectetuer ad eam. Nobis reprimique duo in, eam corpora mandamus ex. In quod euismod eum, ne habemus cotidieque necessitatibus m. Liber recteque duo no, ludus reprehendunt has an.
            </p>
            <p>
              Bullet:
            </p>
            <ul>
              <li>
                Mei in qualisque disputando. Adipisci philosophia et sed, mel diceret patrioque sententiae ea, iriure posidonium consectetuer ad eam. Nobis reprimique duo in, eam corpora mandamus ex. In quod euismod eum, ne habemus cotidieque necessitatibus m. Liber recteque duo no, ludus reprehendunt has an.
              </li>
              <li>
                iriure posidonium consectetuer ad eam.
              </li>
              <li>
                Nobis reprimique duo in, eam corpora mandamus
              </li>
              <li>
                ex. In
              </li>
              <li>
                quod euismod
              </li>
              <li>
                eum, ne habemus cotidieque necessitatibus m.
              </li>
              <li>
                Liber recteque duo no, ludus reprehendunt has an.
              </li>
            </ul>
            <p>
              Now ordered:
            </p>
            <ol>
              <li>
                Item 1
              </li>
              <li>
                Item
              </li>
              <li>
                Item
              </li>
              <li>
                Item
              </li>
            </ol>
            <p>
              A think that's it…
            </p>
            <figure
              class="table"
            >
              <table>
                <thead>
                  <tr>
                    <th>
                      Title 1
                    </th>
                    <th>
                      Title 1
                    </th>
                    <th>
                      Title 1
                    </th>
                    <th>
                      Title 1
                    </th>
                    <th>
                      Title 1
                    </th>
                    <th>
                      Title 1
                    </th>
                    <th>
                      Title 1
                    </th>
                    <th>
                      Title 1
                    </th>
                    <th>
                      Title 1
                    </th>
                    <th>
                      Title 1
                    </th>
                  </tr>
                </thead>
                <tbody>
                  <tr>
                    <td>
                      Item
                    </td>
                    <td>
                      Item
                    </td>
                    <td>
                      Item
                    </td>
                    <td>
                      Item
                    </td>
                    <td>
                      Item
                    </td>
                    <td>
                      Item
                    </td>
                    <td>
                      Item
                    </td>
                    <td>
                      Item
                    </td>
                    <td>
                      Item
                    </td>
                    <td>
                      Item
                    </td>
                  </tr>
                  <tr>
                    <td>
                      Item
                    </td>
                    <td>
                      Item
                    </td>
                    <td>
                      Item
                    </td>
                    <td>
                      Item
                    </td>
                    <td>
                      Item
                    </td>
                    <td>
                      Item
                    </td>
                    <td>
                      Item
                    </td>
                    <td>
                      Item
                    </td>
                    <td>
                      Item
                    </td>
                    <td>
                      Item
                    </td>
                  </tr>
                  <tr>
                    <td>
                      Item
                    </td>
                    <td>
                      Item
                    </td>
                    <td>
                      Item
                    </td>
                    <td>
                      Item
                    </td>
                    <td>
                      Item
                    </td>
                    <td>
                      Item
                    </td>
                    <td>
                      Item
                    </td>
                    <td>
                      Item
                    </td>
                    <td>
                      Item
                    </td>
                    <td>
                      Item
                    </td>
                  </tr>
                </tbody>
              </table>
            </figure>
            <p>
              A video:
            </p>
            <figure
              class="media"
            >
              <oembed
                url="https://www.youtube.com/watch?v=oLmRV25eQvo"
              />
            </figure>
            <p>
              The end.
            </p>
            
      
          </p>
        </div>
      </div>
      <div
        class="c22"
      >
        <p
          class="c23"
        >
          tags:
          <span>
            <a
              href="/tag/ssr"
            >
              SSR
            </a>
          </span>
          <span>
            <a
              href="/tag/ssg"
            >
              SSG
            </a>
          </span>
          <span>
            <a
              href="/tag/studies"
            >
              Studies
            </a>
          </span>
        </p>
      </div>
    </div>
    <div
      class="c24"
    >
      <footer
        class="c25"
      >
        <p
          class="c21"
        >
          <p>
            O texto da footer
          </p>
        </p>
      </footer>
    </div>
    <a
      aria-label="Go to top"
      class="c26"
      href="#"
      title="Go to top"
    >
      <svg
        aria-hidden="true"
        class="c1"
        fill="currentColor"
        focusable="false"
        viewBox="0 0 24 24"
        xmlns="http://www.w3.org/2000/svg"
      >
        <path
          d="M0 0h24v24H0V0z"
          fill="none"
        />
        <path
          d="M7.41 15.41L12 10.83l4.59 4.58L18 14l-6-6-6 6 1.41 1.41z"
        />
      </svg>
    </a>
  </div>
</div>
`;

exports[`<PostsTemplate /> > should match snapshot 1`] = `
.c23 {
  margin: 2.4rem 0;
}

.c23 span {
  margin-left: 0.5rem;
}

.c23 span::before {
  content: ' ';
}

.c23 span::after {
  content: ', ';
}

.c23 span:last-child::after {
  content: '';
}

.c23 a {
  color: #E94560;
  -webkit-text-decoration: none;
  text-decoration: none;
  -webkit-transition: all 300ms ease-in-out;
  transition: all 300ms ease-in-out;
}

.c23 a:hover {
  -webkit-filter: brightness(50%);
  filter: brightness(50%);
}

.c14 {
  width: 100%;
  margin: 0 auto;
  padding: 0 3.2rem;
  max-width: 96rem;
}

.c20 {
  width: 100%;
  margin: 0 auto;
  padding: 0 3.2rem;
  max-width: 80rem;
}

.c6 {
  color: #082032;
  line-height: 1.2;
  font-size: 2.4rem;
  text-transform: uppercase;
}

.c12 {
  color: #082032;
  line-height: 1.2;
  font-size: 2.4rem;
  text-transform: none;
}

.c16 {
  color: #082032;
  line-height: 1.2;
  font-size: 4.0rem;
  text-transform: none;
}

.c19 {
  font-size: 1.6rem;
  color: #AAAAAA;
  font-style: italic;
}

.c19 .categories span::after {
  content: ', ';
}

.c19 .categories span:last-child::after {
  content: '';
}

.c19 a {
  color: #E94560;
  -webkit-text-decoration: none;
  text-decoration: none;
  -webkit-transition: all 300ms ease-in-out;
  transition: all 300ms ease-in-out;
}

.c19 a:hover {
  -webkit-filter: brightness(50%);
  filter: brightness(50%);
}

.c15 {
  padding-bottom: 4.0rem;
  margin-bottom: 4.0rem;
  border-bottom: 0.1rem solid #DDDDDD;
}

.c15 .c5 {
  margin: 0;
  margin-bottom: 2.4rem;
}

.c17 {
  margin: 2.4rem 0;
  font-size: 2.4rem;
}

.c18 {
  max-width: 100%;
  display: block;
  margin-bottom: 2.4rem;
}

.c21 {
  font-size: 1.8rem;
  line-height: 1.5;
}

.c21 p {
  margin: 2.4rem 0;
}

.c21 a {
  color: #E94560;
}

.c21 a:visited,
.c21 a:link {
  -webkit-text-decoration: none;
  text-decoration: none;
  -webkit-transition: all 300ms ease-in-out;
  transition: all 300ms ease-in-out;
}

.c21 a:hover {
  -webkit-filter: brightness(50%);
  filter: brightness(50%);
}

.c21 pre {
  background-color: #2C394B;
  padding: 2.4rem;
  font-family: monospace;
  color: #B2C8DF;
  margin: 4.0rem 0;
  width: 100%;
  font-size: 1.6rem;
  overflow-x: auto;
}

.c21 pre code {
  background: inherit;
  color: inherit;
}

.c21 code {
  font-family: monospace;
  color: #B2C8DF;
  font-size: 1.6rem;
  background: #2C394B;
  padding: 0.2rem;
  margin: 0.2rem;
  border-radius: 5px;
}

.c21 img {
  max-width: 100%;
}

.c21 .image {
  background: #DDDDDD;
  line-height: 0;
  margin: 2.4rem 0;
}

.c21 .image figcaption {
  font-size: 1.6rem;
  padding: 1.6rem;
  text-align: center;
  line-height: 1.3;
}

.c21 .image-style-side {
  float: right;
  max-width: 50%;
  margin: 2.4rem;
}

.c21 hr {
  border: none;
  border-bottom: 0.1rem solid #DDDDDD;
}

.c21 ul,
.c21 ol {
  margin: 2.4rem;
}

.c21 .table {
  width: 100%;
  overflow: hidden;
  overflow-x: auto;
}

.c21 table {
  width: 100%;
  border-collapse: collapse;
  margin: 2.4rem 0;
}

.c21 table td,
.c21 table th {
  padding: 1.6rem;
  border: 0.1rem solid #DDDDDD;
}

.c21 blockquote {
  border-left: 0.5rem solid #E94560;
  color: #AAAAAA;
  -webkit-filter: brightness(80%);
  filter: brightness(80%);
  padding-left: 2.4rem;
  font-style: italic;
  margin: 2.4rem;
}

.c25 {
  text-align: center;
  border-top: 0.1rem solid #DDDDDD;
}

.c25 a {
  color: inherit;
  -webkit-text-decoration: none;
  text-decoration: none;
}

.c25 .heart {
  color: #E94560;
}

.c7 {
  display: -webkit-box;
  display: -webkit-flex;
  display: -ms-flexbox;
  display: flex;
  -webkit-align-items: center;
  -webkit-box-align: center;
  -ms-flex-align: center;
  align-items: center;
  -webkit-text-decoration: none;
  text-decoration: none;
  color: inherit;
}

.c7 > img {
  width: 150px;
  height: 150px;
  border-radius: 50%;
}

.c10 {
  margin: 0 auto;
  display: -webkit-box;
  display: -webkit-flex;
  display: -ms-flexbox;
  display: flex;
  -webkit-box-pack: center;
  -webkit-justify-content: center;
  -ms-flex-pack: center;
  justify-content: center;
  -webkit-align-items: center;
  -webkit-box-align: center;
  -ms-flex-align: center;
  align-items: center;
  width: 100%;
  max-width: 96rem;
  padding-bottom: 6.4rem;
  font-size: 1.6rem;
  color: #333333;
}

.c10 .c5 {
  margin: 0 0 0.6rem;
}

.c10 img:hover {
  -webkit-transition: all ease-in-out 300ms;
  transition: all ease-in-out 300ms;
  -webkit-filter: brightness(70%);
  filter: brightness(70%);
}

.c11 {
  display: -webkit-box;
  display: -webkit-flex;
  display: -ms-flexbox;
  display: flex;
  -webkit-flex-flow: column wrap;
  -ms-flex-flow: column wrap;
  flex-flow: column wrap;
  margin-left: 3.2rem;
  max-width: 48rem;
}

.c2 {
  background: #082032;
  padding: 3.2rem;
  display: -webkit-box;
  display: -webkit-flex;
  display: -ms-flexbox;
  display: flex;
  position: fixed;
  z-index: 1;
  width: 100%;
  max-width: 32rem;
  height: 100vh;
  top: 0;
  left: 0rem;
  -webkit-transition: all 400ms ease-in-out;
  transition: all 400ms ease-in-out;
  overflow-y: auto;
  box-shadow: 5px 0 10px -2px #000000;
  left: -36rem;
  overflow-y: hidden;
}

.c2::-webkit-scrollbar {
  width: 10px;
}

.c2::-webkit-scrollbar-track {
  background: #082032;
}

.c2::-webkit-scrollbar-thumb {
  background: #E94560;
  border-radius: 10px;
}

.c2::-webkit-scrollbar-thumb:hover {
  background: #720d1e;
}

.c3 {
  margin: auto;
  width: 100%;
}

.c4 .c5 {
  display: -webkit-box;
  display: -webkit-flex;
  display: -ms-flexbox;
  display: flex;
  -webkit-box-pack: center;
  -webkit-justify-content: center;
  -ms-flex-pack: center;
  justify-content: center;
  margin: 0;
  margin-bottom: 4.8rem;
}

.c4 img {
  border: 0.5rem solid #E94560;
}

.c0 {
  position: fixed;
  top: 2.4rem;
  color: #FFFFFF;
  background: #082032;
  z-index: 2;
  width: 3rem;
  height: 3rem;
  left: 26rem;
  border-radius: 4px;
  -webkit-transition: all 400ms ease-in-out;
  transition: all 400ms ease-in-out;
  left: 1rem;
  color: #FFFFFF;
}

.c1 {
  display: inline-block;
  vertical-align: middle;
  overflow: hidden;
}

.c8 {
  display: block;
  color: #FFFFFF;
  -webkit-text-decoration: none;
  text-decoration: none;
  margin-bottom: 1.6rem;
  font-size: 1.8rem;
  -webkit-transition: all ease-in-out 100ms;
  transition: all ease-in-out 100ms;
}

.c8:hover {
  border-right: 0.5rem solid #E94560;
  color: #E94560;
}

.c9 {
  margin-top: 6.4rem;
}

.c13 {
  max-width: 120rem;
  width: 100%;
  margin: 0 auto;
  margin-bottom: 6.4rem;
}

.c24 {
  max-width: 120rem;
  width: 100%;
  margin: 0 auto;
  padding: 3.2rem;
}

.c26 {
  position: fixed;
  background-color: #082032;
  color: #FFFFFF;
  display: -webkit-box;
  display: -webkit-flex;
  display: -ms-flexbox;
  display: flex;
  -webkit-align-items: center;
  -webkit-box-align: center;
  -ms-flex-align: center;
  align-items: center;
  -webkit-box-pack: center;
  -webkit-justify-content: center;
  -ms-flex-pack: center;
  justify-content: center;
  width: 4rem;
  height: 4rem;
  bottom: 2rem;
  right: 2rem;
  z-index: 6;
  opacity: 0.7;
  border-radius: 50%;
  border: 0.1rem solid #fff;
}

.c26:hover {
  -webkit-transition: 500ms ease-in-out all;
  transition: 500ms ease-in-out all;
  background-color: #333333;
  opacity: unset;
}

.c22 {
  padding: 0 3.2rem;
}

@media (max-width:768px) {
  .c21 {
    font-size: 2rem;
  }

  .c21 .image-style-side {
    float: none;
    max-width: 100%;
    margin: 0;
  }
}

@media ((max-width:300px)) {
  .c0 {
    left: 1rem;
  }
}

<div>
  <div
    class=""
  >
    <a
      aria-label="Open or Close menu"
      class="c0"
      href="#"
      title="Open or Close menu"
    >
      <svg
        aria-hidden="true"
        aria-label="Open menu"
        class="c1"
        fill="currentColor"
        focusable="false"
        viewBox="0 0 24 24"
        xmlns="http://www.w3.org/2000/svg"
      >
        <path
          d="M0 0h24v24H0V0z"
          fill="none"
        />
        <path
          d="M3 18h18v-2H3v2zm0-5h18v-2H3v2zm0-7v2h18V6H3z"
        />
      </svg>
    </a>
    <div
      aria-hidden="true"
      class="c2"
    >
      <nav
        class="c3"
      >
        <div
          class="c4"
        >
          <h1
            class="c5 c6"
          >
            <a
              class="c7"
              href="/"
              target="_self"
            >
              <img
                alt="Test blog"
                src="https://res.cloudinary.com/ddiiakz1t/image/upload/v1662119066/bob_c83cb89756.jpg"
              />
            </a>
          </h1>
        </div>
        <a
          class="c8"
          href="#texto"
          target="_self"
        >
          O texto
        </a>
        <a
          class="c8"
          href="#link-2"
          target="_self"
        >
          Link 2
        </a>
      </nav>
    </div>
    <div
      class="c9"
    >
      <header
        class="c10"
      >
        <h1
          class="c5 c6"
        >
          <a
            class="c7"
            href="/"
            target="_self"
          >
            <img
              alt="Test blog - A blog test then Idon't know what describe, it is random words just test"
              src="https://res.cloudinary.com/ddiiakz1t/image/upload/v1662119066/bob_c83cb89756.jpg"
            />
          </a>
        </h1>
        <div
          class="c11"
        >
          <h2
            class="c5 c12"
          >
            Test blog
          </h2>
          <p>
            A blog test then Idon't know what describe, it is random words just test
          </p>
        </div>
      </header>
    </div>
    <div
      class="c13"
    >
      <div
        class=""
      >
        <div
          class="c14"
        >
          <header
            class="c15"
          >
            <h1
              class="c5 c16"
            >
              Blog testando
            </h1>
            <p
              class="c17"
            >
              Esse é um teste para página do post
            </p>
            <img
              alt="Blog testando"
              class="c18"
              src="https://res.cloudinary.com/ddiiakz1t/image/upload/v1662140975/next_capa_ba07b5ec5d.png"
            />
            <article
              class="c19"
            >
              <p>
                <span>
                  Por 
                </span>
                <a
                  href="/author/matheus"
                >
                  Matheus
                </a>
                <span
                  class="separator"
                >
                   | 
                </span>
                <time
                  datetime="2022-09-02T15:16:09.246+00:00"
                >
                  2 de set. de 2022
                </time>
                <span
                  class="separator"
                >
                   | 
                </span>
                <span
                  class="categories"
                >
                  <span>
                    <a
                      href="/category/java-script"
                    >
                      JavaScript
                    </a>
                  </span>
                  <span>
                    <a
                      href="/category/type-script"
                    >
                      TypeScript
                    </a>
                  </span>
                  <span>
                    <a
                      href="/category/react"
                    >
                      React
                    </a>
                  </span>
                  <span>
                    <a
                      href="/category/next"
                    >
                      Next
                    </a>
                  </span>
                </span>
              </p>
            </article>
          </header>
        </div>
        <div
          class="c20"
        >
          <p
            class="c21"
          >
            
      
            <p>
              Nostro 
              <strong>
                definitiones
              </strong>
               (
              <i>
                React
              </i>
              ) sed - 
              <u>
                Matheus Freitas
              </u>
              . Sea 
              <code>
                useEffect
              </code>
              , useState dicat fabulas 
              <a
                href="https://github.com/Mathh19"
              >
                consetetur
              </a>
               no, odio deseruisse assueverit mei eu, vis probo nonumes molestie id. Ipsum movet liberavisse an mea, diceret vituperata ne his, delenit apeirian quo ea. Imperdiet percipitur te eos. Per ludus aliquam eu. 
              <a
                href="https://github.com/Mathh19"
              >
                Eos ex tincidunt necessitatibus, timeam theophrastus mel 
              </a>
              . La.
            </p>
            
      
            <h1>
              Tincidunt necessitatibus, timeam theophrastus mel 
            </h1>
            
      
            <h2>
              Tincidunt necessitatibus, timeam theophrastus mel 
            </h2>
            
      
            <h3>
              Tincidunt necessitatibus, timeam theophrastus mel 
            </h3>
            
      
            <h4>
              Tincidunt necessitatibus, timeam theophrastus mel 
            </h4>
            
      
            <h5>
              Tincidunt necessitatibus, timeam theophrastus mel 
            </h5>
            
      
            <h6>
              Tincidunt necessitatibus, timeam theophrastus mel 
            </h6>
            
      
            <pre>
              <code
                class="language-plaintext"
              >
                import { HtmlContent } from '../HtmlContent';
      import * as Styled from './styles';
      export type FooterProps = {
        footerHtml: string;
      };
      export const Footer = ({ footerHtml }: FooterProps) =&gt; {
        return (
          &lt;Styled.Container&gt;
            &lt;HtmlContent html={footerHtml} /&gt;
          &lt;/Styled.Container&gt;
        );
      };
      
              </code>
            </pre>
            
      
            <p>
              Qui eu 
              <i>
                mutat
              </i>
               exerci 
              <span
                style="background-color:hsl(60,75%,60%);"
              >
                dolores
              </span>
              , his no 
              <span
                style="color:hsl(270,75%,60%);"
              >
                repudiare
              </span>
               constituam 
              <s>
                accommodare
              </s>
              , vis ea sint 
              <u>
                tempor
              </u>
               eirmod. In mei eruditi moderatius, ex per iudico essent repudiandae. In vis vidisse menandri, an has repudiare disputationi delicatissimi. In has wisi justo postulant. Ei viderer ornatus mel, usu an partiendo tincidunt, ea eum brute ullamcorper.
            </p>
            <p>
              10
              <sup>
                2
              </sup>
              *5
              <sup>
                2
              </sup>
               - H
              <sub>
                2
              </sub>
              0
            </p>
            <p
              style="text-align:center;"
            >
              <strong>
                Center: 
              </strong>
              Abhorreant reformidans eum an, per equidem repudiandae no, ex m elitr argumentum persequeris. In eam consul theophrastus delicatissimi, lobortis rationibus efficiendi mea ei, nam natum dolore scripserit ea. Sit partiendo eloquentiam ne. Sea no autem dolores, ridens gloriatur mel . Munere nullam epiri his id, dicam definiebas deterruisset eu vim. Ea veritus deleniti usu, nam ei idque choro volumus, ex nisl aliquam bonorum eam.
            </p>
            <p>
              Fugit aliquip erroribus eu eam, an mel vidit doctus. Vis nobis veritus maluisset id, nonumy adversarium neglegentur est ut. Tation persius pri eu, modo minim fastidii mei no. Ad tota pertinax definiebas eam.
            </p>
            <p
              style="text-align:right;"
            >
              <strong>
                Right:
              </strong>
               Mel in lorem feugiat, tation dolore et eum. Id has utamur albucius molestiae. Dico justo maiestatis ei mei, labitur laboramus voluptatum nam ut. Saperet propriae nec an.
            </p>
            <p>
              Quod oblique mei ne, cetero delicatissimi sea ,  est harum dicit verterem. Tota forensibus ut usu, luptatum dignissim perseti vel ex. Mea nostrud instructior , et referrentur theophrastus eum. Pro in iuvaret senserit. In persius explicari conceptam nec, in populo ponderum consequat vis. Gloriatur conclusionemque no qui, vitae nominati nec te, laoreet torquatos accommodare ex qui. Eu natum mediocritatem eos, m ex alia oportere.
            </p>
            <p
              style="text-align:justify;"
            >
              <strong>
                Justify:
              </strong>
                vis nonumes petentium disputationi, invidunt aliquando ex ius, orreret suscipiantur conclusionemque eu qui. Probo nemore ut est. Et eam dicta oratio eligendi. Quem dicta dolore vel et, at reque gloriatur definitionem sed.
            </p>
            <p>
              Nec simul ullamcorper at. Mea possit dolores perseti te, ei quidam apeirian quo. Has quas corpora ne. Ius ad malis iusto delenit, sit ferri idque ex.
            </p>
            <blockquote>
              <p>
                Blockquote: Et sed legere rationibus, vitae evertitur ad eam. Eu amet vero officiis vis. Ad nullam perila neglegentur sit, vix ei regione legendos argumentum. Mei an quas convenire, nobis dint mei ut. Pro no debet referrentur, ei est falli libris. Eu per summo salutandi hendrerit, salutatus democritum interesset nec ut. Wisi lobortis incorrupte ei mea, explicari interpretaris has et.
              </p>
            </blockquote>
            <p>
              A new line:
            </p>
            <hr />
            <p>
              Now keep going…
            </p>
            <figure
              class="image"
            >
              <a
                href="https://github.com/Mathh19"
              >
                <img
                  alt="O alt text da imagem"
                  src="https://res.cloudinary.com/dlizakp2a/image/upload/v1614696630/Frozen_sunset_on_the_lake_by_Manuel_Arslanyan_9f9cd8ea10.jpg"
                />
              </a>
              <figcaption>
                Aqui está uma imagem
              </figcaption>
            </figure>
            <p>
              Munere euripidis an sed, usu ne consul soluta utamur. Bonorum equidem placerat eu m, tantas quidam duo et. Pro soleat quaestio ne, ut nam wisi vocibus inciderint, ex his maiorum mnesarchum. Et est wisi primis, id vel odio alienum voluptatibus. Veri doctus offendit vim ea. Has nemore prompta inciderint ei, no sea expetendis dissentiet. Copiosae delicatissimi an sea, id m agam clita nostro, tale tincidunt delicatissimi ei eos.
            </p>
            <figure
              class="image image-style-side"
            >
              <img
                alt="Uma imagem à direita"
                src="https://res.cloudinary.com/dlizakp2a/image/upload/v1614696630/Frozen_sunset_on_the_lake_by_Manuel_Arslanyan_9f9cd8ea10.jpg"
              />
              <figcaption>
                Uma imagem à direita
              </figcaption>
            </figure>
            <p>
              Munere euripidis an sed, usu ne consul soluta utamur. Bonorum equidem placerat eu m, tantas quidam duo et. Pro soleat quaestio ne, ut nam wisi vocibus inciderint, ex his maiorum mnesarchum. Et est wisi primis, id vel odio alienum voluptatibus. Veri doctus offendit vim ea. Has nemore prompta inciderint ei, no sea expetendis dissentiet. Copiosae delicatissimi an sea, id m agam clita nostro, tale tincidunt delicatissimi ei eos.
            </p>
            <p>
              Munere euripidis an sed, usu ne consul soluta utamur. Bonorum equidem placerat eu m, tantas quidam duo et. Pro soleat quaestio ne, ut nam wisi vocibus inciderint, ex his maiorum mnesarchum. Et est wisi primis, id vel odio alienum voluptatibus. Veri doctus offendit vim ea. Has nemore prompta inciderint ei, no sea expetendis dissentiet. Copiosae delicatissimi an sea, id m agam clita nostro, tale tincidunt delicatissimi ei eos.
            </p>
            <p>
              Solum consul scripserit in duo, an sit postea denique percipit. Facer ignota consequat nec ei, idque etiam corrumpit sit ut. In mucius definitionem quo, vis an nisl diam appellantur, hendrerit comprehensam ea per. Vix saepe fierent ut.
            </p>
            <p>
               mei summo copiosae. Et vim quaestio partiendo. Quot praesent imperdiet at duo. Sit probo causae ei. Ad ius nemore eruditi.
            </p>
            <p>
              Mei in qualisque disputando. Adipisci philosophia et sed, mel diceret patrioque sententiae ea, iriure posidonium consectetuer ad eam. Nobis reprimique duo in, eam corpora mandamus ex. In quod euismod eum, ne habemus cotidieque necessitatibus m. Liber recteque duo no, ludus reprehendunt has an.
            </p>
            <p>
              Solum consul scripserit in duo, an sit postea denique percipit. Facer ignota consequat nec ei, idque etiam corrumpit sit ut. In mucius definitionem quo, vis an nisl diam appellantur, hendrerit comprehensam ea per. Vix saepe fierent ut.
            </p>
            <p>
               mei summo copiosae. Et vim quaestio partiendo. Quot praesent imperdiet at duo. Sit probo causae ei. Ad ius nemore eruditi.
            </p>
            <p>
              Mei in qualisque disputando. Adipisci philosophia et sed, mel diceret patrioque sententiae ea, iriure posidonium consectetuer ad eam. Nobis reprimique duo in, eam corpora mandamus ex. In quod euismod eum, ne habemus cotidieque necessitatibus m. Liber recteque duo no, ludus reprehendunt has an.
            </p>
            <p>
              Bullet:
            </p>
            <ul>
              <li>
                Mei in qualisque disputando. Adipisci philosophia et sed, mel diceret patrioque sententiae ea, iriure posidonium consectetuer ad eam. Nobis reprimique duo in, eam corpora mandamus ex. In quod euismod eum, ne habemus cotidieque necessitatibus m. Liber recteque duo no, ludus reprehendunt has an.
              </li>
              <li>
                iriure posidonium consectetuer ad eam.
              </li>
              <li>
                Nobis reprimique duo in, eam corpora mandamus
              </li>
              <li>
                ex. In
              </li>
              <li>
                quod euismod
              </li>
              <li>
                eum, ne habemus cotidieque necessitatibus m.
              </li>
              <li>
                Liber recteque duo no, ludus reprehendunt has an.
              </li>
            </ul>
            <p>
              Now ordered:
            </p>
            <ol>
              <li>
                Item 1
              </li>
              <li>
                Item
              </li>
              <li>
                Item
              </li>
              <li>
                Item
              </li>
            </ol>
            <p>
              A think that's it…
            </p>
            <figure
              class="table"
            >
              <table>
                <thead>
                  <tr>
                    <th>
                      Title 1
                    </th>
                    <th>
                      Title 1
                    </th>
                    <th>
                      Title 1
                    </th>
                    <th>
                      Title 1
                    </th>
                    <th>
                      Title 1
                    </th>
                    <th>
                      Title 1
                    </th>
                    <th>
                      Title 1
                    </th>
                    <th>
                      Title 1
                    </th>
                    <th>
                      Title 1
                    </th>
                    <th>
                      Title 1
                    </th>
                  </tr>
                </thead>
                <tbody>
                  <tr>
                    <td>
                      Item
                    </td>
                    <td>
                      Item
                    </td>
                    <td>
                      Item
                    </td>
                    <td>
                      Item
                    </td>
                    <td>
                      Item
                    </td>
                    <td>
                      Item
                    </td>
                    <td>
                      Item
                    </td>
                    <td>
                      Item
                    </td>
                    <td>
                      Item
                    </td>
                    <td>
                      Item
                    </td>
                  </tr>
                  <tr>
                    <td>
                      Item
                    </td>
                    <td>
                      Item
                    </td>
                    <td>
                      Item
                    </td>
                    <td>
                      Item
                    </td>
                    <td>
                      Item
                    </td>
                    <td>
                      Item
                    </td>
                    <td>
                      Item
                    </td>
                    <td>
                      Item
                    </td>
                    <td>
                      Item
                    </td>
                    <td>
                      Item
                    </td>
                  </tr>
                  <tr>
                    <td>
                      Item
                    </td>
                    <td>
                      Item
                    </td>
                    <td>
                      Item
                    </td>
                    <td>
                      Item
                    </td>
                    <td>
                      Item
                    </td>
                    <td>
                      Item
                    </td>
                    <td>
                      Item
                    </td>
                    <td>
                      Item
                    </td>
                    <td>
                      Item
                    </td>
                    <td>
                      Item
                    </td>
                  </tr>
                </tbody>
              </table>
            </figure>
            <p>
              A video:
            </p>
            <figure
              class="media"
            >
              <oembed
                url="https://www.youtube.com/watch?v=oLmRV25eQvo"
              />
            </figure>
            <p>
              The end.
            </p>
            
      
          </p>
        </div>
      </div>
      <div
        class="c22"
      >
        <p
          class="c23"
        >
          tags:
          <span>
            <a
              href="/tag/ssr"
            >
              SSR
            </a>
          </span>
          <span>
            <a
              href="/tag/ssg"
            >
              SSG
            </a>
          </span>
          <span>
            <a
              href="/tag/studies"
            >
              Studies
            </a>
          </span>
        </p>
      </div>
    </div>
    <div
      class="c24"
    >
      <footer
        class="c25"
      >
        <p
          class="c21"
        >
          <p>
            O texto da footer
          </p>
        </p>
      </footer>
    </div>
    <a
      aria-label="Go to top"
      class="c26"
      href="#"
      title="Go to top"
    >
      <svg
        aria-hidden="true"
        class="c1"
        fill="currentColor"
        focusable="false"
        viewBox="0 0 24 24"
        xmlns="http://www.w3.org/2000/svg"
      >
        <path
          d="M0 0h24v24H0V0z"
          fill="none"
        />
        <path
          d="M7.41 15.41L12 10.83l4.59 4.58L18 14l-6-6-6 6 1.41 1.41z"
        />
      </svg>
    </a>
  </div>
</div>
`;
